// Jest Snapshot v1, https://goo.gl/fbAQLP

exports[`should render header 1`] = `
<header>
  <h1>
    Expensify Kubas
  </h1>
  <NavLink
    activeClassName="is-active"
    aria-current="page"
    exact={true}
    to="/"
  >
    Dashboard
  </NavLink>
  <NavLink
    activeClassName="is-active"
    aria-current="page"
    to="/create"
  >
    Create
  </NavLink>
  <NavLink
    activeClassName="is-active"
    aria-current="page"
    to="/help"
  >
    Help
  </NavLink>
</header>
`;
